// Jest Snapshot v1, https://goo.gl/fbAQLP

exports[`<TestComponent /> should render the heading 1`] = `
<div
  class=""
>
  <h1>
    TestComponent
  </h1>
</div>
`;
